0
134
90
158
-1
22
238
269
179
189
121
53
41
41
-1
58
-1
84
-1
149
