4634
5594
16604
4060
5102
4470
8292
4696
4506
4060
